Thu, 23 Nov 2017 02:08:57 hash.py[line:95] INFO right: 1 bad: 0 now: 1/19 Time: 0.000776 s
Thu, 23 Nov 2017 02:08:57 hash.py[line:93] WARNING bad: 6452 != 4997 [('4997', 2), ('4268', 1), ('5442', 1), ('4411', 1), ('6452', 1)]
Thu, 23 Nov 2017 02:08:57 hash.py[line:95] INFO right: 1 bad: 1 now: 2/19 Time: 0.000843 s
Thu, 23 Nov 2017 02:08:57 hash.py[line:93] WARNING bad: 1469 != 1448 [('1448', 2), ('6418', 1), ('4268', 1), ('5442', 1), ('5446', 1)]
Thu, 23 Nov 2017 02:08:57 hash.py[line:95] INFO right: 1 bad: 2 now: 3/19 Time: 0.000674 s
Thu, 23 Nov 2017 02:08:57 hash.py[line:95] INFO right: 2 bad: 2 now: 4/19 Time: 0.000577 s
Thu, 23 Nov 2017 02:08:57 hash.py[line:93] WARNING bad: 6452 != 6418 [('6418', 1), ('4268', 1), ('5442', 1), ('5446', 1), ('4411', 1)]
Thu, 23 Nov 2017 02:08:57 hash.py[line:95] INFO right: 2 bad: 3 now: 5/19 Time: 0.000724 s
Thu, 23 Nov 2017 02:08:57 hash.py[line:93] WARNING bad: 5446 != 6452 [('6452', 2), ('1448', 2), ('6418', 1), ('4268', 1), ('5446', 1)]
Thu, 23 Nov 2017 02:08:57 hash.py[line:95] INFO right: 2 bad: 4 now: 6/19 Time: 0.000651 s
Thu, 23 Nov 2017 02:08:57 hash.py[line:93] WARNING bad: 4997 != 6418 [('6418', 2), ('5446', 2), ('5442', 1), ('6452', 1), ('1469', 1)]
Thu, 23 Nov 2017 02:08:57 hash.py[line:95] INFO right: 2 bad: 5 now: 7/19 Time: 0.000648 s
Thu, 23 Nov 2017 02:08:57 hash.py[line:93] WARNING bad: 1123 != 4268 [('4268', 3), ('4411', 2), ('6418', 1), ('4997', 1), ('6452', 1)]
Thu, 23 Nov 2017 02:08:57 hash.py[line:95] INFO right: 2 bad: 6 now: 8/19 Time: 0.000632 s
Thu, 23 Nov 2017 02:08:57 hash.py[line:95] INFO right: 3 bad: 6 now: 9/19 Time: 0.000561 s
Thu, 23 Nov 2017 02:08:57 hash.py[line:93] WARNING bad: 4976 != 1465 [('1465', 2), ('1448', 2), ('6418', 1), ('5442', 1), ('4411', 1)]
Thu, 23 Nov 2017 02:08:57 hash.py[line:95] INFO right: 3 bad: 7 now: 10/19 Time: 0.000670 s
Thu, 23 Nov 2017 02:08:57 hash.py[line:95] INFO right: 4 bad: 7 now: 11/19 Time: 0.000609 s
Thu, 23 Nov 2017 02:08:57 hash.py[line:93] WARNING bad: 5442 != 6418 [('6418', 2), ('1465', 2), ('4268', 1), ('5442', 1), ('1123', 1)]
Thu, 23 Nov 2017 02:08:57 hash.py[line:95] INFO right: 4 bad: 8 now: 12/19 Time: 0.000721 s
Thu, 23 Nov 2017 02:08:57 hash.py[line:93] WARNING bad: 1469 != 6418 [('6418', 3), ('4223', 2), ('4268', 1), ('5446', 1), ('6452', 1)]
Thu, 23 Nov 2017 02:08:57 hash.py[line:95] INFO right: 4 bad: 9 now: 13/19 Time: 0.000753 s
Thu, 23 Nov 2017 02:08:57 hash.py[line:93] WARNING bad: 4268 != 1448 [('1448', 2), ('6418', 1), ('4268', 1), ('5442', 1), ('4411', 1)]
Thu, 23 Nov 2017 02:08:57 hash.py[line:95] INFO right: 4 bad: 10 now: 14/19 Time: 0.000687 s
Thu, 23 Nov 2017 02:08:57 hash.py[line:93] WARNING bad: 4411 != 6452 [('6452', 2), ('1469', 2), ('4223', 2), ('6418', 1), ('4268', 1)]
Thu, 23 Nov 2017 02:08:57 hash.py[line:95] INFO right: 4 bad: 11 now: 15/19 Time: 0.000699 s
Thu, 23 Nov 2017 02:08:57 hash.py[line:93] WARNING bad: 1465 != 6452 [('6452', 4), ('5442', 1), ('5446', 1), ('4411', 1), ('4997', 1)]
Thu, 23 Nov 2017 02:08:57 hash.py[line:95] INFO right: 4 bad: 12 now: 16/19 Time: 0.000750 s
Thu, 23 Nov 2017 02:08:57 hash.py[line:93] WARNING bad: 4411 != 6452 [('6452', 3), ('1465', 2), ('1469', 2), ('6418', 2), ('4976', 1)]
Thu, 23 Nov 2017 02:08:57 hash.py[line:95] INFO right: 4 bad: 13 now: 17/19 Time: 0.000708 s
Thu, 23 Nov 2017 02:08:57 hash.py[line:95] INFO right: 5 bad: 13 now: 18/19 Time: 0.000673 s
Thu, 23 Nov 2017 02:08:57 hash.py[line:93] WARNING bad: 4411 != 4268 [('4268', 4), ('1465', 2), ('4411', 1), ('4997', 1), ('6452', 1)]
Thu, 23 Nov 2017 02:08:57 hash.py[line:95] INFO right: 5 bad: 14 now: 19/19 Time: 0.000946 s
